<html>
<body>
<pre>
<h1>礦ision Build Log</h1>
<h2>Tool Versions:</h2>
IDE-Version: μVision V5.15
Copyright (C) 2015 ARM Ltd and ARM Germany GmbH. All rights reserved.
License Information: 1 Microsoft, Microsoft, LIC=ATTQD-8ELDZ-MMA9I-T3MJA-DYASF-1AVIX
 
Tool Versions:
Toolchain:       MDK-ARM Standard  Version: 5.15.0
Toolchain Path:  D:\Keil_v5\ARM\ARMCC\Bin
C Compiler:      Armcc.exe V5.05 update 2 (build 169)
Assembler:       Armasm.exe V5.05 update 2 (build 169)
Linker/Locator:  ArmLink.exe V5.05 update 2 (build 169)
Library Manager: ArmAr.exe V5.05 update 2 (build 169)
Hex Converter:   FromElf.exe V5.05 update 2 (build 169)
CPU DLL:         SARMCM3.DLL V5.15.0
Dialog DLL:      DARMCM1.DLL V1.12.0.0
Target DLL:      Segger\JL2CM3.dll V2.99.15.0
Dialog DLL:      TARMCM1.DLL V1.9.0.0
 
<h2>Project:</h2>
C:\Users\Administrator\Desktop\1.STM32F051串口映射可用-可收可发\User\STM32F030Demo.uvprojx
Project File Date:  04/13/2017

<h2>Output:</h2>
*** Using Compiler 'V5.05 update 2 (build 169)', folder: 'D:\Keil_v5\ARM\ARMCC\Bin'
Build target 'Stm32f030demo'
compiling key.c...
key.h(3): warning:  #1295-D: Deprecated declaration key - give arg types
  void key();
key.h(5): warning:  #1-D: last line of file ends without a newline
  #endif
key.c(24): warning:  #1-D: last line of file ends without a newline
  }
key.c: 3 warnings, 0 errors
compiling stm32f0xx_misc.c...
linking...
..\OBJ\STM32F030Demo.axf: Warning: L6304W: Duplicate input file ..\obj\stm32f0xx_misc_1.o ignored.
Program Size: Code=9244 RO-data=1816 RW-data=64 ZI-data=1672  
Finished: 0 information, 1 warning and 0 error messages.
"..\OBJ\STM32F030Demo.axf" - 0 Error(s), 4 Warning(s).

<h2>Collection of Component include folders:</h2>
  C:\Users\Administrator\Desktop\1.STM32F051串口映射可用-可收可发\User\RTE
  D:\Keil_v5\ARM\PACK\Keil\STM32F0xx_DFP\1.2.0\Device\Include

<h2>Collection of Component Files used:</h2>
</pre>
</body>
</html>
